

***********************************************************************
Fatal NI connect error 12541, connecting to:
 (DESCRIPTION=(CONNECT_DATA=(SERVICE_NAME=orcl)(CID=(PROGRAM=C:\oracle\product\10.2.0\db_1\bin\sqlplus.exe)(HOST=EVERALDO-PC)(USER=Ignafah)))(ADDRESS=(PROTOCOL=TCP)(HOST=192.168.8.106)(PORT=1521)))

  VERSION INFORMATION:
	TNS for 32-bit Windows: Version 10.2.0.3.0 - Production
	Windows NT TCP/IP NT Protocol Adapter for 32-bit Windows: Version 10.2.0.3.0 - Production
  Time: 09-SEPT.-2016 14:44:53
  Tracing not turned on.
  Tns error struct:
    ns main err code: 12541
    TNS-12541: TNS : aucun processus d'écoute
    ns secondary err code: 12560
    nt main err code: 511
    TNS-00511: Pas de processus d'écoute
    nt secondary err code: 61
    nt OS err code: 0


***********************************************************************
Fatal NI connect error 12541, connecting to:
 (DESCRIPTION=(CONNECT_DATA=(SERVICE_NAME=orcl)(CID=(PROGRAM=C:\oracle\product\10.2.0\db_1\bin\sqlplus.exe)(HOST=EVERALDO-PC)(USER=Ignafah)))(ADDRESS=(PROTOCOL=TCP)(HOST=192.168.8.106)(PORT=1521)))

  VERSION INFORMATION:
	TNS for 32-bit Windows: Version 10.2.0.3.0 - Production
	Windows NT TCP/IP NT Protocol Adapter for 32-bit Windows: Version 10.2.0.3.0 - Production
  Time: 09-SEPT.-2016 14:45:43
  Tracing not turned on.
  Tns error struct:
    ns main err code: 12541
    TNS-12541: TNS : aucun processus d'écoute
    ns secondary err code: 12560
    nt main err code: 511
    TNS-00511: Pas de processus d'écoute
    nt secondary err code: 61
    nt OS err code: 0


***********************************************************************
Fatal NI connect error 12541, connecting to:
 (DESCRIPTION=(CONNECT_DATA=(SERVICE_NAME=orcl)(CID=(PROGRAM=C:\oracle\product\10.2.0\db_1\bin\sqlplus.exe)(HOST=EVERALDO-PC)(USER=Ignafah)))(ADDRESS=(PROTOCOL=TCP)(HOST=192.168.8.106)(PORT=1521)))

  VERSION INFORMATION:
	TNS for 32-bit Windows: Version 10.2.0.3.0 - Production
	Windows NT TCP/IP NT Protocol Adapter for 32-bit Windows: Version 10.2.0.3.0 - Production
  Time: 09-SEPT.-2016 14:45:48
  Tracing not turned on.
  Tns error struct:
    ns main err code: 12541
    TNS-12541: TNS : aucun processus d'écoute
    ns secondary err code: 12560
    nt main err code: 511
    TNS-00511: Pas de processus d'écoute
    nt secondary err code: 61
    nt OS err code: 0


***********************************************************************
Fatal NI connect error 12541, connecting to:
 (DESCRIPTION=(CONNECT_DATA=(SERVICE_NAME=orcl)(CID=(PROGRAM=C:\oracle\product\10.2.0\db_1\bin\sqlplus.exe)(HOST=EVERALDO-PC)(USER=Ignafah)))(ADDRESS=(PROTOCOL=TCP)(HOST=192.168.8.106)(PORT=1521)))

  VERSION INFORMATION:
	TNS for 32-bit Windows: Version 10.2.0.3.0 - Production
	Windows NT TCP/IP NT Protocol Adapter for 32-bit Windows: Version 10.2.0.3.0 - Production
  Time: 09-SEPT.-2016 14:46:27
  Tracing not turned on.
  Tns error struct:
    ns main err code: 12541
    TNS-12541: TNS : aucun processus d'écoute
    ns secondary err code: 12560
    nt main err code: 511
    TNS-00511: Pas de processus d'écoute
    nt secondary err code: 61
    nt OS err code: 0


***********************************************************************
Fatal NI connect error 12541, connecting to:
 (DESCRIPTION=(CONNECT_DATA=(SERVICE_NAME=orcl)(CID=(PROGRAM=C:\oracle\product\10.2.0\db_1\bin\sqlplus.exe)(HOST=EVERALDO-PC)(USER=Ignafah)))(ADDRESS=(PROTOCOL=TCP)(HOST=192.168.8.106)(PORT=1521)))

  VERSION INFORMATION:
	TNS for 32-bit Windows: Version 10.2.0.3.0 - Production
	Windows NT TCP/IP NT Protocol Adapter for 32-bit Windows: Version 10.2.0.3.0 - Production
  Time: 09-SEPT.-2016 14:46:58
  Tracing not turned on.
  Tns error struct:
    ns main err code: 12541
    TNS-12541: TNS : aucun processus d'écoute
    ns secondary err code: 12560
    nt main err code: 511
    TNS-00511: Pas de processus d'écoute
    nt secondary err code: 61
    nt OS err code: 0


***********************************************************************
Fatal NI connect error 12541, connecting to:
 (DESCRIPTION=(CONNECT_DATA=(SERVICE_NAME=orcl)(CID=(PROGRAM=C:\oracle\product\10.2.0\db_1\bin\sqlplus.exe)(HOST=EVERALDO-PC)(USER=Ignafah)))(ADDRESS=(PROTOCOL=TCP)(HOST=127.0.0.1)(PORT=1521)))

  VERSION INFORMATION:
	TNS for 32-bit Windows: Version 10.2.0.3.0 - Production
	Windows NT TCP/IP NT Protocol Adapter for 32-bit Windows: Version 10.2.0.3.0 - Production
  Time: 09-SEPT.-2016 14:47:21
  Tracing not turned on.
  Tns error struct:
    ns main err code: 12541
    TNS-12541: TNS : aucun processus d'écoute
    ns secondary err code: 12560
    nt main err code: 511
    TNS-00511: Pas de processus d'écoute
    nt secondary err code: 61
    nt OS err code: 0


***********************************************************************
Fatal NI connect error 12560, connecting to:
 (DESCRIPTION=(ADDRESS=(PROTOCOL=BEQ)(PROGRAM=oracle)(ARGV0=oracleorcl)(ARGS='(DESCRIPTION=(LOCAL=YES)(ADDRESS=(PROTOCOL=beq)))'))(CONNECT_DATA=(SID=orcl)(CID=(PROGRAM=C:\oracle\product\10.2.0\db_1\bin\sqlplus.exe)(HOST=EVERALDO-PC)(USER=Ignafah))))

  VERSION INFORMATION:
	TNS for 32-bit Windows: Version 10.2.0.3.0 - Production
	Oracle Bequeath NT Protocol Adapter for 32-bit Windows: Version 10.2.0.3.0 - Production
  Time: 09-SEPT.-2016 15:00:06
  Tracing not turned on.
  Tns error struct:
    ns main err code: 12560
    TNS-12560: TNS : erreur d'adaptateur de protocole
    ns secondary err code: 0
    nt main err code: 530
    TNS-00530: Erreur d'adaptateur de protocole
    nt secondary err code: 2
    nt OS err code: 0


***********************************************************************
Fatal NI connect error 12560, connecting to:
 (DESCRIPTION=(ADDRESS=(PROTOCOL=BEQ)(PROGRAM=oracle)(ARGV0=oracleorcl)(ARGS='(DESCRIPTION=(LOCAL=YES)(ADDRESS=(PROTOCOL=beq)))'))(CONNECT_DATA=(SID=orcl)(CID=(PROGRAM=C:\oracle\product\10.2.0\db_1\bin\sqlplus.exe)(HOST=EVERALDO-PC)(USER=Ignafah))))

  VERSION INFORMATION:
	TNS for 32-bit Windows: Version 10.2.0.3.0 - Production
	Oracle Bequeath NT Protocol Adapter for 32-bit Windows: Version 10.2.0.3.0 - Production
  Time: 09-SEPT.-2016 15:00:57
  Tracing not turned on.
  Tns error struct:
    ns main err code: 12560
    TNS-12560: TNS : erreur d'adaptateur de protocole
    ns secondary err code: 0
    nt main err code: 530
    TNS-00530: Erreur d'adaptateur de protocole
    nt secondary err code: 2
    nt OS err code: 0
